
> rihario-frontend@0.1.0 build
> next build

node.exe : [baseline-browser-mapping] The data in this 
module is over two months old.  To ensure accurate 
Baseline data, please update: `npm i 
baseline-browser-mapping@latest -D`
At line:1 char:1
+ & "C:\Program Files\nodejs/node.exe" "C:\Program 
Files\nodejs/node_mo ...
+ ~~~~~~~~~~~~~~~~~~~~~~~~~~~~~~~~~~~~~~~~~~~~~~~~~~~~~
~~~~~~~~~~~~~~~~
    + CategoryInfo          : NotSpecified: ([baseline 
   -brows...ping@latest -D`:String) [], RemoteExcepti  
  on
    + FullyQualifiedErrorId : NativeCommandError
 
 GÜá Warning: Next.js inferred your workspace root, 
but it may not be correct.
 We detected multiple lockfiles and selected the 
directory of C:\Users\AMD\package-lock.json as the 
root directory.
 To silence this warning, set `turbopack.root` in your 
Next.js config, or consider removing one of the 
lockfiles if it's not needed.
   See https://nextjs.org/docs/app/api-reference/config
/next-config-js/turbopack#root-directory for more 
information.
 Detected additional lockfiles: 
   * C:\Users\AMD\Documents\Rihario\Rihario-mai
n\package-lock.json

   Gû¦ Next.js 16.0.3 (Turbopack)
   - Environments: .env.local, .env

 GÜá The "middleware" file convention is deprecated. 
Please use "proxy" instead. Learn more: 
https://nextjs.org/docs/messages/middleware-to-proxy
   Creating an optimized production build ...
[baseline-browser-mapping] The data in this module is 
over two months old.  To ensure accurate Baseline 
data, please update: `npm i 
baseline-browser-mapping@latest -D`
 G£ô Compiled successfully in 2.7s
   Running TypeScript ...
Failed to compile.

./app/settings/page.tsx:78:51
Type error: Property 'totalTestsPerMonth' does not 
exist on type '{ maxSteps: number; maxPages: number; 
maxScreenshots: number; maxDuration: number; browsers: 
("chromium" | "firefox" | "webkit")[]; mobileBrowsers: 
boolean; diagnosis: { enabled: boolean; maxSteps?: 
number | undefined; }; ... 6 more ...; retentionDays: 
number; }'.

[0m [90m 76 |[39m                             
[33m<[39m[33mdiv[39m style[33m=[39m{{ 
fontSize[33m:[39m [32m'0.85rem'[39m[33m,[39m 
color[33m:[39m 
[32m'var(--text-secondary)'[39m[33m,[39m 
marginBottom[33m:[39m [32m'0.5rem'[39m 
}}[33m>[39m[33mMonthly[39m [33mTests[39m[33m<[3
9m[33m/[39m[33mdiv[39m[33m>[39m
 [90m 77 |[39m                             
[33m<[39m[33mdiv[39m style[33m=[39m{{ 
fontSize[33m:[39m [32m'1.5rem'[39m[33m,[39m 
fontWeight[33m:[39m [35m700[39m }}[33m>[39m
[31m[1m>[22m[39m[90m 78 |[39m                    
             {tierInfo[33m?[39m[33m.[39mlimits[33m
.[39mtotalTestsPerMonth [33m||[39m [35m0[39m}
 [90m    |[39m                                       
            [31m[1m^[22m[39m
 [90m 79 |[39m                             
[33m<[39m[33m/[39m[33mdiv[39m[33m>[39m
 [90m 80 |[39m                         
[33m<[39m[33m/[39m[33mdiv[39m[33m>[39m
 [90m 81 |[39m                         
[33m<[39m[33mdiv[39m style[33m=[39m{{ 
padding[33m:[39m [32m'1rem'[39m[33m,[39m 
background[33m:[39m 
[32m'var(--beige-50)'[39m[33m,[39m 
borderRadius[33m:[39m [32m'var(--radius-md)'[39m 
}}[33m>[39m[0m
Next.js build worker exited with code: 1 and signal: 
null